START
HORSE.C
DRUGWAR.C
TEST.C

Microsoft (R) Overlay Linker  Version 3.64   
Copyright (C) Microsoft Corp 1983-1988.  All rights reserved.


Microsoft (R) Overlay Linker  Version 3.64   
Copyright (C) Microsoft Corp 1983-1988.  All rights reserved.


Microsoft (R) Overlay Linker  Version 3.64   
Copyright (C) Microsoft Corp 1983-1988.  All rights reserved.

 HORSE.EXE
   1 File(s) copied.
HORSE.C

Microsoft (R) Overlay Linker  Version 3.64   
Copyright (C) Microsoft Corp 1983-1988.  All rights reserved.

 DRUGWAR.EXE
   1 File(s) copied.
DRUGWAR.C

Microsoft (R) Overlay Linker  Version 3.64   
Copyright (C) Microsoft Corp 1983-1988.  All rights reserved.

FLOW88.C
FLOWQA.C
GUARDQA.C
KEYRUN.C

Microsoft (R) Overlay Linker  Version 3.64   
Copyright (C) Microsoft Corp 1983-1988.  All rights reserved.


Microsoft (R) Overlay Linker  Version 3.64   
Copyright (C) Microsoft Corp 1983-1988.  All rights reserved.


Microsoft (R) Overlay Linker  Version 3.64   
Copyright (C) Microsoft Corp 1983-1988.  All rights reserved.


Microsoft (R) Overlay Linker  Version 3.64   
Copyright (C) Microsoft Corp 1983-1988.  All rights reserved.

 FLOW88.EXE
   1 File(s) copied.
FLOW88.C

Microsoft (R) Overlay Linker  Version 3.64   
Copyright (C) Microsoft Corp 1983-1988.  All rights reserved.

SCREEN.C
HOSTQA.C
KEYRUN.C

Microsoft (R) Overlay Linker  Version 3.64   
Copyright (C) Microsoft Corp 1983-1988.  All rights reserved.


Microsoft (R) Overlay Linker  Version 3.64   
Copyright (C) Microsoft Corp 1983-1988.  All rights reserved.


Microsoft (R) Overlay Linker  Version 3.64   
Copyright (C) Microsoft Corp 1983-1988.  All rights reserved.

 SCREEN.EXE
   1 File(s) copied.
SCREEN.C

Microsoft (R) Overlay Linker  Version 3.64   
Copyright (C) Microsoft Corp 1983-1988.  All rights reserved.

