BIG BLUE DERBY       Fictional bankroll: $1000
Real odds now: favorites pay less, longshots pay more.
Place pays first or second. Gross return includes stake.
Exact ties split affected winning slots; fractions round down.
#  Horse          WIN    PLACE  Form
1  Blue Comet     3.9x   1.9x  Favorite. Steady, rarely trips.
2  Tin Biscuit    5.0x   2.3x  Fast starter. Does she fade?
3  Velvet Bolt    4.7x   2.2x  Smooth runner, stretch kick.
4  Copper Kite    4.7x   2.6x  Wild streak. Lunges late.
5  Pocket Storm   6.5x   3.4x  Longshot. Kicks hard.
6  Night Lantern  9.4x   5.7x  Wild card. Trips a lot.
0 at horse selection exits. Bankroll limit $100,000,000.
Horse 1-6 (0 cancels): Enter a whole positive number.
BIG BLUE DERBY       Fictional bankroll: $1000
Real odds now: favorites pay less, longshots pay more.
Place pays first or second. Gross return includes stake.
Exact ties split affected winning slots; fractions round down.
#  Horse          WIN    PLACE  Form
1  Blue Comet     3.9x   1.9x  Favorite. Steady, rarely trips.
2  Tin Biscuit    5.0x   2.3x  Fast starter. Does she fade?
3  Velvet Bolt    4.7x   2.2x  Smooth runner, stretch kick.
4  Copper Kite    4.7x   2.6x  Wild streak. Lunges late.
5  Pocket Storm   6.5x   3.4x  Longshot. Kicks hard.
6  Night Lantern  9.4x   5.7x  Wild card. Trips a lot.
0 at horse selection exits. Bankroll limit $100,000,000.
Horse 1-6 (0 cancels): 1 Win / 2 Place (0 cancels): Stake (maximum $10000) (0 cancels): BIG BLUE DERBY - original fictional-money racing
Bet: #1 Blue Comet | WIN pays 3.9x | Stake $10 (fictional)
                                                   FINISH
1 @..................................................| Blue Comet   
  /=/>                                                     
2 @..................................................| Tin Biscuit  
  /=/>                                                     
3 .@.................................................| Velvet Bolt  
   /=/>                                                    
4 @..................................................| Copper Kite  
  /=/>                                                     
5 .@.................................................| Pocket Storm 
   /=/>                                                    
6 .@.................................................| Night Lantern
   /=/>                                                    
CALL: And they're off!                                                
ESC finishes animation quickly; all horses still finish.
BIG BLUE DERBY - original fictional-money racing
Bet: #1 Blue Comet | WIN pays 3.9x | Stake $10 (fictional)
                                                   FINISH
1 .@.................................................| Blue Comet   
   \=\>                                                    
2 .@.................................................| Tin Biscuit  
   \=\>                                                    
3 .@.................................................| Velvet Bolt  
   \=\>                                                    
4 .@.................................................| Copper Kite  
   \=\>                                                    
5 ..@................................................| Pocket Storm 
    \=\>                                                   
6 .@.................................................| Night Lantern
   \=\>                                                    
CALL: And they're off!                                                
ESC finishes animation quickly; all horses still finish.
BIG BLUE DERBY - original fictional-money racing
Bet: #1 Blue Comet | WIN pays 3.9x | Stake $10 (fictional)
                                                   FINISH
1 ..@................................................| Blue Comet   
    /=/>                                                   
2 ..@................................................| Tin Biscuit  
    /=/>                                                   
3 ..@................................................| Velvet Bolt  
    /=/>                                                   
4 ..@................................................| Copper Kite  
    /=/>                                                   
5 ..@................................................| Pocket Storm 
    /=/>                                                   
6 ..@................................................| Night Lantern
    /=/>                                                   
CALL: And they're off!                                                
ESC finishes animation quickly; all horses still finish.
BIG BLUE DERBY - original fictional-money racing
Bet: #1 Blue Comet | WIN pays 3.9x | Stake $10 (fictional)
                                                   FINISH
1 ...@...............................................| Blue Comet   
     \=\>                                                  
2 ...@...............................................| Tin Biscuit  
     \=\>                                                  
3 ...@...............................................| Velvet Bolt  
     \=\>                                                  
4 ...@...............................................| Copper Kite  
     \=\>                                                  
5 ...@...............................................| Pocket Storm 
     \=\>                                                  
6 ...@...............................................| Night Lantern
     \=\>                                                  
CALL: And they're off!                                                
ESC finishes animation quickly; all horses still finish.
BIG BLUE DERBY - original fictional-money racing
Bet: #1 Blue Comet | WIN pays 3.9x | Stake $10 (fictional)
                                                   FINISH
1 ....@..............................................| Blue Comet   
      /=/>                                                 
2 ....@..............................................| Tin Biscuit  
      /=/>                                                 
3 ....@..............................................| Velvet Bolt  
      /=/>                                                 
4 ....@..............................................| Copper Kite  
      /=/>                                                 
5 ...@...............................................| Pocket Storm 
     /=/>                                                  
6 ....@..............................................| Night Lantern
      /=/>                                                 
CALL: And they're off!                                                
ESC finishes animation quickly; all horses still finish.
BIG BLUE DERBY - original fictional-money racing
Bet: #1 Blue Comet | WIN pays 3.9x | Stake $10 (fictional)
                                                   FINISH
1 .....@.............................................| Blue Comet   
       \=\>                                                
2 .....@.............................................| Tin Biscuit  
       \=\>                                                
3 .....@.............................................| Velvet Bolt  
       \=\>                                                
4 .....@.............................................| Copper Kite  
       \=\>                                                
5 ....@..............................................| Pocket Storm 
      \=\>                                                 
6 ....@..............................................| Night Lantern
      \=\>                                                 
CALL: Tin Biscuit takes the lead!                                     
ESC finishes animation quickly; all horses still finish.
BIG BLUE DERBY - original fictional-money racing
Bet: #1 Blue Comet | WIN pays 3.9x | Stake $10 (fictional)
                                                   FINISH
1 .....@.............................................| Blue Comet   
       /=/>                                                
2 ......@............................................| Tin Biscuit  
        /=/>                                               
3 .....@.............................................| Velvet Bolt  
       /=/>                                                
4 ......@............................................| Copper Kite  
        /=/>                                               
5 .....@.............................................| Pocket Storm 
       /=/>                                                
6 .....@.............................................| Night Lantern
       /=/>                                                
CALL: Velvet Bolt stumbles!                                           
ESC finishes animation quickly; all horses still finish.
BIG BLUE DERBY - original fictional-money racing
Bet: #1 Blue Comet | WIN pays 3.9x | Stake $10 (fictional)
                                                   FINISH
1 ......@............................................| Blue Comet   
        \=\>                                               
2 .......@...........................................| Tin Biscuit  
         \=\>                                              
3 ......@............................................| Velvet Bolt  
        \=\>                                               
4 .......@...........................................| Copper Kite  
         \=\>                                              
5 ......@............................................| Pocket Storm 
        \=\>                                               
6 .....@.............................................| Night Lantern
       \=\>                                                
CALL: Velvet Bolt stumbles!                                           
ESC finishes animation quickly; all horses still finish.
BIG BLUE DERBY - original fictional-money racing
Bet: #1 Blue Comet | WIN pays 3.9x | Stake $10 (fictional)
                                                   FINISH
1 .......@...........................................| Blue Comet   
         /=/>                                              
2 ........@..........................................| Tin Biscuit  
          /=/>                                             
3 .......@...........................................| Velvet Bolt  
         /=/>                                              
4 ........@..........................................| Copper Kite  
          /=/>                                             
5 ......@............................................| Pocket Storm 
        /=/>                                               
6 .......@...........................................| Night Lantern
         /=/>                                              
CALL: Velvet Bolt stumbles!                                           
ESC finishes animation quickly; all horses still finish.
BIG BLUE DERBY - original fictional-money racing
Bet: #1 Blue Comet | WIN pays 3.9x | Stake $10 (fictional)
                                                   FINISH
1 ........@..........................................| Blue Comet   
          \=\>                                             
2 .........@.........................................| Tin Biscuit  
           \=\>                                            
3 ........@..........................................| Velvet Bolt  
          \=\>                                             
4 ........@..........................................| Copper Kite  
          \=\>                                             
5 .......@...........................................| Pocket Storm 
         \=\>                                              
6 .......@...........................................| Night Lantern
         \=\>                                              
CALL: Velvet Bolt stumbles!                                           
ESC finishes animation quickly; all horses still finish.
BIG BLUE DERBY - original fictional-money racing
Bet: #1 Blue Comet | WIN pays 3.9x | Stake $10 (fictional)
                                                   FINISH
1 .........@.........................................| Blue Comet   
           /=/>                                            
2 .........@.........................................| Tin Biscuit  
           /=/>                                            
3 ........@..........................................| Velvet Bolt  
          /=/>                                             
4 .........@.........................................| Copper Kite  
           /=/>                                            
5 ........@..........................................| Pocket Storm 
          /=/>                                             
6 ........@..........................................| Night Lantern
          /=/>                                             
CALL: Velvet Bolt stumbles!                                           
ESC finishes animation quickly; all horses still finish.
BIG BLUE DERBY - original fictional-money racing
Bet: #1 Blue Comet | WIN pays 3.9x | Stake $10 (fictional)
                                                   FINISH
1 .........@.........................................| Blue Comet   
           \=\>                                            
2 ..........@........................................| Tin Biscuit  
            \=\>                                           
3 .........@.........................................| Velvet Bolt  
           \=\>                                            
4 ..........@........................................| Copper Kite  
            \=\>                                           
5 .........@.........................................| Pocket Storm 
           \=\>                                            
6 .........@.........................................| Night Lantern
           \=\>                                            
CALL: Velvet Bolt stumbles!                                           
ESC finishes animation quickly; all horses still finish.
BIG BLUE DERBY - original fictional-money racing
Bet: #1 Blue Comet | WIN pays 3.9x | Stake $10 (fictional)
                                                   FINISH
1 ..........@........................................| Blue Comet   
            /=/>                                           
2 ...........@.......................................| Tin Biscuit  
             /=/>                                          
3 ..........@........................................| Velvet Bolt  
            /=/>                                           
4 ...........@.......................................| Copper Kite  
             /=/>                                          
5 ..........@........................................| Pocket Storm 
            /=/>                                           
6 ..........@........................................| Night Lantern
            /=/>                                           
CALL: Velvet Bolt stumbles!                                           
ESC finishes animation quickly; all horses still finish.
BIG BLUE DERBY - original fictional-money racing
Bet: #1 Blue Comet | WIN pays 3.9x | Stake $10 (fictional)
                                                   FINISH
1 ...........@.......................................| Blue Comet   
             \=\>                                          
2 ............@......................................| Tin Biscuit  
              \=\>                                         
3 ...........@.......................................| Velvet Bolt  
             \=\>                                          
4 ............@......................................| Copper Kite  
              \=\>                                         
5 ...........@.......................................| Pocket Storm 
             \=\>                                          
6 ..........@........................................| Night Lantern
            \=\>                                           
CALL: Night Lantern stumbles!                                         
ESC finishes animation quickly; all horses still finish.
BIG BLUE DERBY - original fictional-money racing
Bet: #1 Blue Comet | WIN pays 3.9x | Stake $10 (fictional)
                                                   FINISH
1 ............@......................................| Blue Comet   
              /=/>                                         
2 .............@.....................................| Tin Biscuit  
               /=/>                                        
3 ............@......................................| Velvet Bolt  
              /=/>                                         
4 .............@.....................................| Copper Kite  
               /=/>                                        
5 ............@......................................| Pocket Storm 
              /=/>                                         
6 ...........@.......................................| Night Lantern
             /=/>                                          
CALL: Copper Kite takes the lead!                                     
ESC finishes animation quickly; all horses still finish.
BIG BLUE DERBY - original fictional-money racing
Bet: #1 Blue Comet | WIN pays 3.9x | Stake $10 (fictional)
                                                   FINISH
1 .............@.....................................| Blue Comet   
               \=\>                                        
2 ..............@....................................| Tin Biscuit  
                \=\>                                       
3 .............@.....................................| Velvet Bolt  
               \=\>                                        
4 ..............@....................................| Copper Kite  
                \=\>                                       
5 ............@......................................| Pocket Storm 
              \=\>                                         
6 ............@......................................| Night Lantern
              \=\>                                         
CALL: Copper Kite takes the lead!                                     
ESC finishes animation quickly; all horses still finish.
BIG BLUE DERBY - original fictional-money racing
Bet: #1 Blue Comet | WIN pays 3.9x | Stake $10 (fictional)
                                                   FINISH
1 ..............@....................................| Blue Comet   
                /=/>                                       
2 ...............@...................................| Tin Biscuit  
                 /=/>                                      
3 ..............@....................................| Velvet Bolt  
                /=/>                                       
4 ..............@....................................| Copper Kite  
                /=/>                                       
5 ............@......................................| Pocket Storm 
              /=/>                                         
6 .............@.....................................| Night Lantern
               /=/>                                        
CALL: Copper Kite takes the lead!                                     
ESC finishes animation quickly; all horses still finish.
BIG BLUE DERBY - original fictional-money racing
Bet: #1 Blue Comet | WIN pays 3.9x | Stake $10 (fictional)
                                                   FINISH
1 ..............@....................................| Blue Comet   
                \=\>                                       
2 ...............@...................................| Tin Biscuit  
                 \=\>                                      
3 ..............@....................................| Velvet Bolt  
                \=\>                                       
4 ...............@...................................| Copper Kite  
                 \=\>                                      
5 ..............@....................................| Pocket Storm 
                \=\>                                       
6 ..............@....................................| Night Lantern
                \=\>                                       
CALL: Copper Kite takes the lead!                                     
ESC finishes animation quickly; all horses still finish.
BIG BLUE DERBY - original fictional-money racing
Bet: #1 Blue Comet | WIN pays 3.9x | Stake $10 (fictional)
                                                   FINISH
1 ...............@...................................| Blue Comet   
                 /=/>                                      
2 ................@..................................| Tin Biscuit  
                  /=/>                                     
3 ...............@...................................| Velvet Bolt  
                 /=/>                                      
4 ................@..................................| Copper Kite  
                  /=/>                                     
5 ..............@....................................| Pocket Storm 
                /=/>                                       
6 ...............@...................................| Night Lantern
                 /=/>                                      
CALL: Copper Kite takes the lead!                                     
ESC finishes animation quickly; all horses still finish.
BIG BLUE DERBY - original fictional-money racing
Bet: #1 Blue Comet | WIN pays 3.9x | Stake $10 (fictional)
                                                   FINISH
1 ................@..................................| Blue Comet   
                  \=\>                                     
2 .................@.................................| Tin Biscuit  
                   \=\>                                    
3 ................@..................................| Velvet Bolt  
                  \=\>                                     
4 .................@.................................| Copper Kite  
                   \=\>                                    
5 ...............@...................................| Pocket Storm 
                 \=\>                                      
6 ................@..................................| Night Lantern
                  \=\>                                     
CALL: Copper Kite takes the lead!                                     
ESC finishes animation quickly; all horses still finish.
BIG BLUE DERBY - original fictional-money racing
Bet: #1 Blue Comet | WIN pays 3.9x | Stake $10 (fictional)
                                                   FINISH
1 .................@.................................| Blue Comet   
                   /=/>                                    
2 ..................@................................| Tin Biscuit  
                    /=/>                                   
3 .................@.................................| Velvet Bolt  
                   /=/>                                    
4 ..................@................................| Copper Kite  
                    /=/>                                   
5 ................@..................................| Pocket Storm 
                  /=/>                                     
6 ................@..................................| Night Lantern
                  /=/>                                     
CALL: Copper Kite takes the lead!                                     
ESC finishes animation quickly; all horses still finish.
BIG BLUE DERBY - original fictional-money racing
Bet: #1 Blue Comet | WIN pays 3.9x | Stake $10 (fictional)
                                                   FINISH
1 .................@.................................| Blue Comet   
                   \=\>                                    
2 ...................@...............................| Tin Biscuit  
                     \=\>                                  
3 .................@.................................| Velvet Bolt  
                   \=\>                                    
4 ...................@...............................| Copper Kite  
                     \=\>                                  
5 .................@.................................| Pocket Storm 
                   \=\>                                    
6 .................@.................................| Night Lantern
                   \=\>                                    
CALL: Night Lantern stumbles!                                         
ESC finishes animation quickly; all horses still finish.
BIG BLUE DERBY - original fictional-money racing
Bet: #1 Blue Comet | WIN pays 3.9x | Stake $10 (fictional)
                                                   FINISH
1 ..................@................................| Blue Comet   
                    /=/>                                   
2 ...................@...............................| Tin Biscuit  
                     /=/>                                  
3 ..................@................................| Velvet Bolt  
                    /=/>                                   
4 ....................@..............................| Copper Kite  
                      /=/>                                 
5 .................@.................................| Pocket Storm 
                   /=/>                                    
6 ..................@................................| Night Lantern
                    /=/>                                   
CALL: Night Lantern stumbles!                                         
ESC finishes animation quickly; all horses still finish.
BIG BLUE DERBY - original fictional-money racing
Bet: #1 Blue Comet | WIN pays 3.9x | Stake $10 (fictional)
                                                   FINISH
1 ...................@...............................| Blue Comet   
                     \=\>                                  
2 ....................@..............................| Tin Biscuit  
                      \=\>                                 
3 ...................@...............................| Velvet Bolt  
                     \=\>                                  
4 ....................@..............................| Copper Kite  
                      \=\>                                 
5 ..................@................................| Pocket Storm 
                    \=\>                                   
6 ..................@................................| Night Lantern
                    \=\>                                   
CALL: Night Lantern stumbles!                                         
ESC finishes animation quickly; all horses still finish.
BIG BLUE DERBY - original fictional-money racing
Bet: #1 Blue Comet | WIN pays 3.9x | Stake $10 (fictional)
                                                   FINISH
1 ....................@..............................| Blue Comet   
                      /=/>                                 
2 .....................@.............................| Tin Biscuit  
                       /=/>                                
3 ....................@..............................| Velvet Bolt  
                      /=/>                                 
4 .....................@.............................| Copper Kite  
                       /=/>                                
5 ..................@................................| Pocket Storm 
                    /=/>                                   
6 ....................@..............................| Night Lantern
                      /=/>                                 
CALL: Copper Kite takes the lead!                                     
ESC finishes animation quickly; all horses still finish.
BIG BLUE DERBY - original fictional-money racing
Bet: #1 Blue Comet | WIN pays 3.9x | Stake $10 (fictional)
                                                   FINISH
1 ....................@..............................| Blue Comet   
                      \=\>                                 
2 ......................@............................| Tin Biscuit  
                        \=\>                               
3 .....................@.............................| Velvet Bolt  
                       \=\>                                
4 ......................@............................| Copper Kite  
                        \=\>                               
5 ...................@...............................| Pocket Storm 
                     \=\>                                  
6 ....................@..............................| Night Lantern
                      \=\>                                 
CALL: Blue Comet stumbles!                                            
ESC finishes animation quickly; all horses still finish.
BIG BLUE DERBY - original fictional-money racing
Bet: #1 Blue Comet | WIN pays 3.9x | Stake $10 (fictional)
                                                   FINISH
1 .....................@.............................| Blue Comet   
                       /=/>                                
2 .......................@...........................| Tin Biscuit  
                         /=/>                              
3 ......................@............................| Velvet Bolt  
                        /=/>                               
4 .......................@...........................| Copper Kite  
                         /=/>                              
5 ....................@..............................| Pocket Storm 
                      /=/>                                 
6 .....................@.............................| Night Lantern
                       /=/>                                
CALL: Blue Comet stumbles!                                            
ESC finishes animation quickly; all horses still finish.
BIG BLUE DERBY - original fictional-money racing
Bet: #1 Blue Comet | WIN pays 3.9x | Stake $10 (fictional)
                                                   FINISH
1 ......................@............................| Blue Comet   
                        \=\>                               
2 .......................@...........................| Tin Biscuit  
                         \=\>                              
3 .......................@...........................| Velvet Bolt  
                         \=\>                              
4 ........................@..........................| Copper Kite  
                          \=\>                             
5 .....................@.............................| Pocket Storm 
                       \=\>                                
6 .....................@.............................| Night Lantern
                       \=\>                                
CALL: Night Lantern stumbles!                                         
ESC finishes animation quickly; all horses still finish.
BIG BLUE DERBY - original fictional-money racing
Bet: #1 Blue Comet | WIN pays 3.9x | Stake $10 (fictional)
                                                   FINISH
1 ......................@............................| Blue Comet   
                        /=/>                               
2 ........................@..........................| Tin Biscuit  
                          /=/>                             
3 .......................@...........................| Velvet Bolt  
                         /=/>                              
4 .........................@.........................| Copper Kite  
                           /=/>                            
5 .....................@.............................| Pocket Storm 
                       /=/>                                
6 ......................@............................| Night Lantern
                        /=/>                               
CALL: Night Lantern stumbles!                                         
ESC finishes animation quickly; all horses still finish.
BIG BLUE DERBY - original fictional-money racing
Bet: #1 Blue Comet | WIN pays 3.9x | Stake $10 (fictional)
                                                   FINISH
1 .......................@...........................| Blue Comet   
                         \=\>                              
2 .........................@.........................| Tin Biscuit  
                           \=\>                            
3 ........................@..........................| Velvet Bolt  
                          \=\>                             
4 ..........................@........................| Copper Kite  
                            \=\>                           
5 ......................@............................| Pocket Storm 
                        \=\>                               
6 ......................@............................| Night Lantern
                        \=\>                               
CALL: Night Lantern stumbles!                                         
ESC finishes animation quickly; all horses still finish.
BIG BLUE DERBY - original fictional-money racing
Bet: #1 Blue Comet | WIN pays 3.9x | Stake $10 (fictional)
                                                   FINISH
1 ........................@..........................| Blue Comet   
                          /=/>                             
2 ..........................@........................| Tin Biscuit  
                            /=/>                           
3 .........................@.........................| Velvet Bolt  
                           /=/>                            
4 ...........................@.......................| Copper Kite  
                             /=/>                          
5 .......................@...........................| Pocket Storm 
                         /=/>                              
6 .......................@...........................| Night Lantern
                         /=/>                              
CALL: Night Lantern stumbles!                                         
ESC finishes animation quickly; all horses still finish.
BIG BLUE DERBY - original fictional-money racing
Bet: #1 Blue Comet | WIN pays 3.9x | Stake $10 (fictional)
                                                   FINISH
1 .........................@.........................| Blue Comet   
                           \=\>                            
2 ..........................@........................| Tin Biscuit  
                            \=\>                           
3 .........................@.........................| Velvet Bolt  
                           \=\>                            
4 .............................@.....................| Copper Kite  
                               \=\>                        
5 .......................@...........................| Pocket Storm 
                         \=\>                              
6 ........................@..........................| Night Lantern
                          \=\>                             
CALL: Velvet Bolt stumbles!                                           
ESC finishes animation quickly; all horses still finish.
BIG BLUE DERBY - original fictional-money racing
Bet: #1 Blue Comet | WIN pays 3.9x | Stake $10 (fictional)
                                                   FINISH
1 ..........................@........................| Blue Comet   
                            /=/>                           
2 ...........................@.......................| Tin Biscuit  
                             /=/>                          
3 ..........................@........................| Velvet Bolt  
                            /=/>                           
4 ..............................@....................| Copper Kite  
                                /=/>                       
5 ........................@..........................| Pocket Storm 
                          /=/>                             
6 ........................@..........................| Night Lantern
                          /=/>                             
CALL: Velvet Bolt stumbles!                                           
ESC finishes animation quickly; all horses still finish.
BIG BLUE DERBY - original fictional-money racing
Bet: #1 Blue Comet | WIN pays 3.9x | Stake $10 (fictional)
                                                   FINISH
1 ..........................@........................| Blue Comet   
                            \=\>                           
2 ............................@......................| Tin Biscuit  
                              \=\>                         
3 ...........................@.......................| Velvet Bolt  
                             \=\>                          
4 ...............................@...................| Copper Kite  
                                 \=\>                      
5 .........................@.........................| Pocket Storm 
                           \=\>                            
6 ..........................@........................| Night Lantern
                            \=\>                           
CALL: Velvet Bolt stumbles!                                           
ESC finishes animation quickly; all horses still finish.
BIG BLUE DERBY - original fictional-money racing
Bet: #1 Blue Comet | WIN pays 3.9x | Stake $10 (fictional)
                                                   FINISH
1 ...........................@.......................| Blue Comet   
                             /=/>                          
2 .............................@.....................| Tin Biscuit  
                               /=/>                        
3 ...........................@.......................| Velvet Bolt  
                             /=/>                          
4 ...............................@...................| Copper Kite  
                                 /=/>                      
5 .........................@.........................| Pocket Storm 
                           /=/>                            
6 ..........................@........................| Night Lantern
                            /=/>                           
CALL: Velvet Bolt stumbles!                                           
ESC finishes animation quickly; all horses still finish.
BIG BLUE DERBY - original fictional-money racing
Bet: #1 Blue Comet | WIN pays 3.9x | Stake $10 (fictional)
                                                   FINISH
1 ............................@......................| Blue Comet   
                              \=\>                         
2 ..............................@....................| Tin Biscuit  
                                \=\>                       
3 ............................@......................| Velvet Bolt  
                              \=\>                         
4 ................................@..................| Copper Kite  
                                  \=\>                     
5 ..........................@........................| Pocket Storm 
                            \=\>                           
6 ...........................@.......................| Night Lantern
                             \=\>                          
CALL: Velvet Bolt stumbles!                                           
ESC finishes animation quickly; all horses still finish.
BIG BLUE DERBY - original fictional-money racing
Bet: #1 Blue Comet | WIN pays 3.9x | Stake $10 (fictional)
                                                   FINISH
1 .............................@.....................| Blue Comet   
                               /=/>                        
2 ...............................@...................| Tin Biscuit  
                                 /=/>                      
3 .............................@.....................| Velvet Bolt  
                               /=/>                        
4 .................................@.................| Copper Kite  
                                   /=/>                    
5 ...........................@.......................| Pocket Storm 
                             /=/>                          
6 ............................@......................| Night Lantern
                              /=/>                         
CALL: Velvet Bolt stumbles!                                           
ESC finishes animation quickly; all horses still finish.
BIG BLUE DERBY - original fictional-money racing
Bet: #1 Blue Comet | WIN pays 3.9x | Stake $10 (fictional)
                                                   FINISH
1 .............................@.....................| Blue Comet   
                               \=\>                        
2 ...............................@...................| Tin Biscuit  
                                 \=\>                      
3 ..............................@....................| Velvet Bolt  
                                \=\>                       
4 ..................................@................| Copper Kite  
                                    \=\>                   
5 ...........................@.......................| Pocket Storm 
                             \=\>                          
6 .............................@.....................| Night Lantern
                               \=\>                        
CALL: Pocket Storm stumbles!                                          
ESC finishes animation quickly; all horses still finish.
BIG BLUE DERBY - original fictional-money racing
Bet: #1 Blue Comet | WIN pays 3.9x | Stake $10 (fictional)
                                                   FINISH
1 ..............................@....................| Blue Comet   
                                /=/>                       
2 ................................@..................| Tin Biscuit  
                                  /=/>                     
3 ..............................@....................| Velvet Bolt  
                                /=/>                       
4 ..................................@................| Copper Kite  
                                    /=/>                   
5 ...........................@.......................| Pocket Storm 
                             /=/>                          
6 ..............................@....................| Night Lantern
                                /=/>                       
CALL: Pocket Storm stumbles!                                          
ESC finishes animation quickly; all horses still finish.
BIG BLUE DERBY - original fictional-money racing
Bet: #1 Blue Comet | WIN pays 3.9x | Stake $10 (fictional)
                                                   FINISH
1 ..............................@....................| Blue Comet   
                                \=\>                       
2 .................................@.................| Tin Biscuit  
                                   \=\>                    
3 ...............................@...................| Velvet Bolt  
                                 \=\>                      
4 ....................................@..............| Copper Kite  
                                      \=\>                 
5 ............................@......................| Pocket Storm 
                              \=\>                         
6 ..............................@....................| Night Lantern
                                \=\>                       
CALL: Blue Comet stumbles!                                            
ESC finishes animation quickly; all horses still finish.
BIG BLUE DERBY - original fictional-money racing
Bet: #1 Blue Comet | WIN pays 3.9x | Stake $10 (fictional)
                                                   FINISH
1 ...............................@...................| Blue Comet   
                                 /=/>                      
2 .................................@.................| Tin Biscuit  
                                   /=/>                    
3 ................................@..................| Velvet Bolt  
                                  /=/>                     
4 ....................................@..............| Copper Kite  
                                      /=/>                 
5 .............................@.....................| Pocket Storm 
                               /=/>                        
6 ...............................@...................| Night Lantern
                                 /=/>                      
CALL: Blue Comet stumbles!                                            
ESC finishes animation quickly; all horses still finish.
BIG BLUE DERBY - original fictional-money racing
Bet: #1 Blue Comet | WIN pays 3.9x | Stake $10 (fictional)
                                                   FINISH
1 ................................@..................| Blue Comet   
                                  \=\>                     
2 ..................................@................| Tin Biscuit  
                                    \=\>                   
3 .................................@.................| Velvet Bolt  
                                   \=\>                    
4 .....................................@.............| Copper Kite  
                                       \=\>                
5 ..............................@....................| Pocket Storm 
                                \=\>                       
6 ...............................@...................| Night Lantern
                                 \=\>                      
CALL: Blue Comet stumbles!                                            
ESC finishes animation quickly; all horses still finish.
BIG BLUE DERBY - original fictional-money racing
Bet: #1 Blue Comet | WIN pays 3.9x | Stake $10 (fictional)
                                                   FINISH
1 .................................@.................| Blue Comet   
                                   /=/>                    
2 ...................................@...............| Tin Biscuit  
                                     /=/>                  
3 .................................@.................| Velvet Bolt  
                                   /=/>                    
4 ......................................@............| Copper Kite  
                                        /=/>               
5 ..............................@....................| Pocket Storm 
                                /=/>                       
6 ................................@..................| Night Lantern
                                  /=/>                     
CALL: Blue Comet stumbles!                                            
ESC finishes animation quickly; all horses still finish.
BIG BLUE DERBY - original fictional-money racing
Bet: #1 Blue Comet | WIN pays 3.9x | Stake $10 (fictional)
                                                   FINISH
1 .................................@.................| Blue Comet   
                                   \=\>                    
2 ....................................@..............| Tin Biscuit  
                                      \=\>                 
3 ..................................@................| Velvet Bolt  
                                    \=\>                   
4 .......................................@...........| Copper Kite  
                                         \=\>              
5 ...............................@...................| Pocket Storm 
                                 \=\>                      
6 .................................@.................| Night Lantern
                                   \=\>                    
CALL: Blue Comet stumbles!                                            
ESC finishes animation quickly; all horses still finish.
BIG BLUE DERBY - original fictional-money racing
Bet: #1 Blue Comet | WIN pays 3.9x | Stake $10 (fictional)
                                                   FINISH
1 ..................................@................| Blue Comet   
                                    /=/>                   
2 .....................................@.............| Tin Biscuit  
                                       /=/>                
3 ...................................@...............| Velvet Bolt  
                                     /=/>                  
4 ........................................@..........| Copper Kite  
                                          /=/>             
5 ................................@..................| Pocket Storm 
                                  /=/>                     
6 ..................................@................| Night Lantern
                                    /=/>                   
CALL: Copper Kite kicks for home!                                     
ESC finishes animation quickly; all horses still finish.
BIG BLUE DERBY - original fictional-money racing
Bet: #1 Blue Comet | WIN pays 3.9x | Stake $10 (fictional)
                                                   FINISH
1 ...................................@...............| Blue Comet   
                                     \=\>                  
2 .....................................@.............| Tin Biscuit  
                                       \=\>                
3 .....................................@.............| Velvet Bolt  
                                       \=\>                
4 .........................................@.........| Copper Kite  
                                           \=\>            
5 .................................@.................| Pocket Storm 
                                   \=\>                    
6 ..................................@................| Night Lantern
                                    \=\>                   
CALL: Velvet Bolt kicks for home!                                     
ESC finishes animation quickly; all horses still finish.
BIG BLUE DERBY - original fictional-money racing
Bet: #1 Blue Comet | WIN pays 3.9x | Stake $10 (fictional)
                                                   FINISH
1 ....................................@..............| Blue Comet   
                                      /=/>                 
2 ......................................@............| Tin Biscuit  
                                        /=/>               
3 .....................................@.............| Velvet Bolt  
                                       /=/>                
4 ..........................................@........| Copper Kite  
                                            /=/>           
5 ..................................@................| Pocket Storm 
                                    /=/>                   
6 ...................................@...............| Night Lantern
                                     /=/>                  
CALL: Velvet Bolt kicks for home!                                     
ESC finishes animation quickly; all horses still finish.
BIG BLUE DERBY - original fictional-money racing
Bet: #1 Blue Comet | WIN pays 3.9x | Stake $10 (fictional)
                                                   FINISH
1 .....................................@.............| Blue Comet   
                                       \=\>                
2 ......................................@............| Tin Biscuit  
                                        \=\>               
3 ......................................@............| Velvet Bolt  
                                        \=\>               
4 ...........................................@.......| Copper Kite  
                                             \=\>          
5 ..................................@................| Pocket Storm 
                                    \=\>                   
6 ....................................@..............| Night Lantern
                                      \=\>                 
CALL: Tin Biscuit stumbles!                                           
ESC finishes animation quickly; all horses still finish.
BIG BLUE DERBY - original fictional-money racing
Bet: #1 Blue Comet | WIN pays 3.9x | Stake $10 (fictional)
                                                   FINISH
1 .......................................@...........| Blue Comet   
                                         /=/>              
2 .......................................@...........| Tin Biscuit  
                                         /=/>              
3 .......................................@...........| Velvet Bolt  
                                         /=/>              
4 ...........................................@.......| Copper Kite  
                                             /=/>          
5 ...................................@...............| Pocket Storm 
                                     /=/>                  
6 .....................................@.............| Night Lantern
                                       /=/>                
CALL: Blue Comet kicks for home!                                      
ESC finishes animation quickly; all horses still finish.
BIG BLUE DERBY - original fictional-money racing
Bet: #1 Blue Comet | WIN pays 3.9x | Stake $10 (fictional)
                                                   FINISH
1 .......................................@...........| Blue Comet   
                                         \=\>              
2 ........................................@..........| Tin Biscuit  
                                          \=\>             
3 ........................................@..........| Velvet Bolt  
                                          \=\>             
4 ............................................@......| Copper Kite  
                                              \=\>         
5 ...................................@...............| Pocket Storm 
                                     \=\>                  
6 .....................................@.............| Night Lantern
                                       \=\>                
CALL: Night Lantern stumbles!                                         
ESC finishes animation quickly; all horses still finish.
BIG BLUE DERBY - original fictional-money racing
Bet: #1 Blue Comet | WIN pays 3.9x | Stake $10 (fictional)
                                                   FINISH
1 ........................................@..........| Blue Comet   
                                          /=/>             
2 .........................................@.........| Tin Biscuit  
                                           /=/>            
3 .........................................@.........| Velvet Bolt  
                                           /=/>            
4 .............................................@.....| Copper Kite  
                                               /=/>        
5 ....................................@..............| Pocket Storm 
                                      /=/>                 
6 ......................................@............| Night Lantern
                                        /=/>               
CALL: Night Lantern stumbles!                                         
ESC finishes animation quickly; all horses still finish.
BIG BLUE DERBY - original fictional-money racing
Bet: #1 Blue Comet | WIN pays 3.9x | Stake $10 (fictional)
                                                   FINISH
1 .........................................@.........| Blue Comet   
                                           \=\>            
2 .........................................@.........| Tin Biscuit  
                                           \=\>            
3 ..........................................@........| Velvet Bolt  
                                            \=\>           
4 ..............................................@....| Copper Kite  
                                                \=\>       
5 .....................................@.............| Pocket Storm 
                                       \=\>                
6 .......................................@...........| Night Lantern
                                         \=\>              
CALL: Night Lantern stumbles!                                         
ESC finishes animation quickly; all horses still finish.
BIG BLUE DERBY - original fictional-money racing
Bet: #1 Blue Comet | WIN pays 3.9x | Stake $10 (fictional)
                                                   FINISH
1 .........................................@.........| Blue Comet   
                                           /=/>            
2 ..........................................@........| Tin Biscuit  
                                            /=/>           
3 ...........................................@.......| Velvet Bolt  
                                             /=/>          
4 ...............................................@...| Copper Kite  
                                                 /=/>      
5 .....................................@.............| Pocket Storm 
                                       /=/>                
6 .......................................@...........| Night Lantern
                                         /=/>              
CALL: Night Lantern stumbles!                                         
ESC finishes animation quickly; all horses still finish.
BIG BLUE DERBY - original fictional-money racing
Bet: #1 Blue Comet | WIN pays 3.9x | Stake $10 (fictional)
                                                   FINISH
1 ..........................................@........| Blue Comet   
                                            \=\>           
2 ..........................................@........| Tin Biscuit  
                                            \=\>           
3 ...........................................@.......| Velvet Bolt  
                                             \=\>          
4 ................................................@..| Copper Kite  
                                                  \=\>     
5 ......................................@............| Pocket Storm 
                                        \=\>               
6 ........................................@..........| Night Lantern
                                          \=\>             
CALL: Tin Biscuit stumbles!                                           
ESC finishes animation quickly; all horses still finish.
BIG BLUE DERBY - original fictional-money racing
Bet: #1 Blue Comet | WIN pays 3.9x | Stake $10 (fictional)
                                                   FINISH
1 ...........................................@.......| Blue Comet   
                                             /=/>          
2 ...........................................@.......| Tin Biscuit  
                                             /=/>          
3 ............................................@......| Velvet Bolt  
                                              /=/>         
4 ................................................@..| Copper Kite  
                                                  /=/>     
5 .......................................@...........| Pocket Storm 
                                         /=/>              
6 .........................................@.........| Night Lantern
                                           /=/>            
CALL: Blue Comet kicks for home!                                      
ESC finishes animation quickly; all horses still finish.
BIG BLUE DERBY - original fictional-money racing
Bet: #1 Blue Comet | WIN pays 3.9x | Stake $10 (fictional)
                                                   FINISH
1 .............................................@.....| Blue Comet   
                                               \=\>        
2 ............................................@......| Tin Biscuit  
                                              \=\>         
3 ..............................................@....| Velvet Bolt  
                                                \=\>       
4 .................................................@.| Copper Kite  
                                                   \=\>    
5 ........................................@..........| Pocket Storm 
                                          \=\>             
6 ..........................................@........| Night Lantern
                                            \=\>           
CALL: Velvet Bolt kicks for home!                                     
ESC finishes animation quickly; all horses still finish.
BIG BLUE DERBY - original fictional-money racing
Bet: #1 Blue Comet | WIN pays 3.9x | Stake $10 (fictional)
                                                   FINISH
1 ..............................................@....| Blue Comet   
                                                /=/>       
2 .............................................@.....| Tin Biscuit  
                                               /=/>        
3 ...............................................@...| Velvet Bolt  
                                                 /=/>      
4 ..................................................@| Copper Kite  
                                                    /=/>   
5 ........................................@..........| Pocket Storm 
                                          /=/>             
6 ..........................................@........| Night Lantern
                                            /=/>           
CALL: Copper Kite hits the wire!                                      
ESC finishes animation quickly; all horses still finish.
BIG BLUE DERBY - original fictional-money racing
Bet: #1 Blue Comet | WIN pays 3.9x | Stake $10 (fictional)
                                                   FINISH
1 ..............................................@....| Blue Comet   
                                                \=\>       
2 ..............................................@....| Tin Biscuit  
                                                \=\>       
3 ...............................................@...| Velvet Bolt  
                                                 \=\>      
4 ..................................................@| Copper Kite  
                                                    \=\>   
5 .........................................@.........| Pocket Storm 
                                           \=\>            
6 ............................................@......| Night Lantern
                                              \=\>         
CALL: Copper Kite hits the wire!                                      
ESC finishes animation quickly; all horses still finish.
BIG BLUE DERBY - original fictional-money racing
Bet: #1 Blue Comet | WIN pays 3.9x | Stake $10 (fictional)
                                                   FINISH
1 ...............................................@...| Blue Comet   
                                                 /=/>      
2 ...............................................@...| Tin Biscuit  
                                                 /=/>      
3 ................................................@..| Velvet Bolt  
                                                  /=/>     
4 ..................................................@| Copper Kite  
                                                    /=/>   
5 ..........................................@........| Pocket Storm 
                                            /=/>           
6 .............................................@.....| Night Lantern
                                               /=/>        
CALL: Night Lantern kicks for home!                                   
ESC finishes animation quickly; all horses still finish.
BIG BLUE DERBY - original fictional-money racing
Bet: #1 Blue Comet | WIN pays 3.9x | Stake $10 (fictional)
                                                   FINISH
1 ................................................@..| Blue Comet   
                                                  \=\>     
2 ................................................@..| Tin Biscuit  
                                                  \=\>     
3 .................................................@.| Velvet Bolt  
                                                   \=\>    
4 ..................................................@| Copper Kite  
                                                    \=\>   
5 ..........................................@........| Pocket Storm 
                                            \=\>           
6 .............................................@.....| Night Lantern
                                               \=\>        
CALL: Night Lantern kicks for home!                                   
ESC finishes animation quickly; all horses still finish.
BIG BLUE DERBY - original fictional-money racing
Bet: #1 Blue Comet | WIN pays 3.9x | Stake $10 (fictional)
                                                   FINISH
1 ..................................................@| Blue Comet   
                                                    /=/>   
2 ................................................@..| Tin Biscuit  
                                                  /=/>     
3 ..................................................@| Velvet Bolt  
                                                    /=/>   
4 ..................................................@| Copper Kite  
                                                    /=/>   
5 ...........................................@.......| Pocket Storm 
                                             /=/>          
6 .............................................@.....| Night Lantern
                                               /=/>        
CALL: Blue Comet kicks for home!                                      
ESC finishes animation quickly; all horses still finish.
BIG BLUE DERBY - original fictional-money racing
Bet: #1 Blue Comet | WIN pays 3.9x | Stake $10 (fictional)
                                                   FINISH
1 ..................................................@| Blue Comet   
                                                    \=\>   
2 .................................................@.| Tin Biscuit  
                                                   \=\>    
3 ..................................................@| Velvet Bolt  
                                                    \=\>   
4 ..................................................@| Copper Kite  
                                                    \=\>   
5 ...........................................@.......| Pocket Storm 
                                             \=\>          
6 ..............................................@....| Night Lantern
                                                \=\>       
CALL: Velvet Bolt kicks for home!                                     
ESC finishes animation quickly; all horses still finish.
BIG BLUE DERBY - original fictional-money racing
Bet: #1 Blue Comet | WIN pays 3.9x | Stake $10 (fictional)
                                                   FINISH
1 ..................................................@| Blue Comet   
                                                    /=/>   
2 ..................................................@| Tin Biscuit  
                                                    /=/>   
3 ..................................................@| Velvet Bolt  
                                                    /=/>   
4 ..................................................@| Copper Kite  
                                                    /=/>   
5 .............................................@.....| Pocket Storm 
                                               /=/>        
6 ...............................................@...| Night Lantern
                                                 /=/>      
CALL: Copper Kite kicks for home!                                     
ESC finishes animation quickly; all horses still finish.
BIG BLUE DERBY - original fictional-money racing
Bet: #1 Blue Comet | WIN pays 3.9x | Stake $10 (fictional)
                                                   FINISH
1 ..................................................@| Blue Comet   
                                                    \=\>   
2 ..................................................@| Tin Biscuit  
                                                    \=\>   
3 ..................................................@| Velvet Bolt  
                                                    \=\>   
4 ..................................................@| Copper Kite  
                                                    \=\>   
5 .............................................@.....| Pocket Storm 
                                               \=\>        
6 ...............................................@...| Night Lantern
                                                 \=\>      
CALL: Night Lantern stumbles!                                         
ESC finishes animation quickly; all horses still finish.
BIG BLUE DERBY - original fictional-money racing
Bet: #1 Blue Comet | WIN pays 3.9x | Stake $10 (fictional)
                                                   FINISH
1 ..................................................@| Blue Comet   
                                                    /=/>   
2 ..................................................@| Tin Biscuit  
                                                    /=/>   
3 ..................................................@| Velvet Bolt  
                                                    /=/>   
4 ..................................................@| Copper Kite  
                                                    /=/>   
5 ..............................................@....| Pocket Storm 
                                                /=/>       
6 ................................................@..| Night Lantern
                                                  /=/>     
CALL: Night Lantern stumbles!                                         
ESC finishes animation quickly; all horses still finish.
BIG BLUE DERBY - original fictional-money racing
Bet: #1 Blue Comet | WIN pays 3.9x | Stake $10 (fictional)
                                                   FINISH
1 ..................................................@| Blue Comet   
                                                    \=\>   
2 ..................................................@| Tin Biscuit  
                                                    \=\>   
3 ..................................................@| Velvet Bolt  
                                                    \=\>   
4 ..................................................@| Copper Kite  
                                                    \=\>   
5 ...............................................@...| Pocket Storm 
                                                 \=\>      
6 .................................................@.| Night Lantern
                                                   \=\>    
CALL: Night Lantern stumbles!                                         
ESC finishes animation quickly; all horses still finish.
BIG BLUE DERBY - original fictional-money racing
Bet: #1 Blue Comet | WIN pays 3.9x | Stake $10 (fictional)
                                                   FINISH
1 ..................................................@| Blue Comet   
                                                    /=/>   
2 ..................................................@| Tin Biscuit  
                                                    /=/>   
3 ..................................................@| Velvet Bolt  
                                                    /=/>   
4 ..................................................@| Copper Kite  
                                                    /=/>   
5 ................................................@..| Pocket Storm 
                                                  /=/>     
6 ..................................................@| Night Lantern
                                                    /=/>   
CALL: Night Lantern stumbles!                                         
ESC finishes animation quickly; all horses still finish.
BIG BLUE DERBY - original fictional-money racing
Bet: #1 Blue Comet | WIN pays 3.9x | Stake $10 (fictional)
                                                   FINISH
1 ..................................................@| Blue Comet   
                                                    \=\>   
2 ..................................................@| Tin Biscuit  
                                                    \=\>   
3 ..................................................@| Velvet Bolt  
                                                    \=\>   
4 ..................................................@| Copper Kite  
                                                    \=\>   
5 ................................................@..| Pocket Storm 
                                                  \=\>     
6 ..................................................@| Night Lantern
                                                    \=\>   
CALL: Night Lantern stumbles!                                         
ESC finishes animation quickly; all horses still finish.
BIG BLUE DERBY - original fictional-money racing
Bet: #1 Blue Comet | WIN pays 3.9x | Stake $10 (fictional)
                                                   FINISH
1 ..................................................@| Blue Comet   
                                                    /=/>   
2 ..................................................@| Tin Biscuit  
                                                    /=/>   
3 ..................................................@| Velvet Bolt  
                                                    /=/>   
4 ..................................................@| Copper Kite  
                                                    /=/>   
5 .................................................@.| Pocket Storm 
                                                   /=/>    
6 ..................................................@| Night Lantern
                                                    /=/>   
CALL: Night Lantern stumbles!                                         
ESC finishes animation quickly; all horses still finish.
BIG BLUE DERBY - original fictional-money racing
Bet: #1 Blue Comet | WIN pays 3.9x | Stake $10 (fictional)
                                                   FINISH
1 ..................................................@| Blue Comet   
                                                    \=\>   
2 ..................................................@| Tin Biscuit  
                                                    \=\>   
3 ..................................................@| Velvet Bolt  
                                                    \=\>   
4 ..................................................@| Copper Kite  
                                                    \=\>   
5 ..................................................@| Pocket Storm 
                                                    \=\>   
6 ..................................................@| Night Lantern
                                                    \=\>   
CALL: Night Lantern stumbles!                                         
ESC finishes animation quickly; all horses still finish.
BIG BLUE DERBY - RESULTS
Bet: #1 Blue Comet | WIN pays 3.9x | Stake $10 (fictional)
No return. Bankroll $990.
FINISH ORDER (equal places are exact ties)
Place 1       Horse #4  Copper Kite
Place 2       Horse #3  Velvet Bolt
Place 3       Horse #1  Blue Comet
Place 4       Horse #2  Tin Biscuit
Place 5       Horse #6  Night Lantern
Place 6       Horse #5  Pocket Storm
Enter: next race | R then Enter: restart | Q then Enter: quit
