DRUG WARS: BLUEPORT - original fictional trading game
Imaginary contraband, prices and events. No real transactions.
Day 1/30  Blueport  Coat 0/100
Cash $2000  Bank $0  Debt $5500 (5% per travel day)
1 Moonleaf       price $ 228 LOW   owned 0
2 Fog dust       price $  64 LOW   owned 0
3 Dream drops    price $ 585       owned 0
4 Star resin     price $ 115 LOW   owned 0
Rumor: Dream drops runs cheapest in Tin Junction.
B buy  S sell  T travel  D deposit  W withdraw  P repay
C bigger coat (+30 room, $1500)
F final score  R restart  Q quit. Numbers use Enter.
Action: Amount (0 cancels): Enter a whole positive number.
DRUG WARS: BLUEPORT - original fictional trading game
Imaginary contraband, prices and events. No real transactions.
Day 1/30  Blueport  Coat 0/100
Cash $2000  Bank $0  Debt $5500 (5% per travel day)
1 Moonleaf       price $ 228 LOW   owned 0
2 Fog dust       price $  64 LOW   owned 0
3 Dream drops    price $ 585       owned 0
4 Star resin     price $ 115 LOW   owned 0
Rumor: Dream drops runs cheapest in Tin Junction.
B buy  S sell  T travel  D deposit  W withdraw  P repay
C bigger coat (+30 room, $1500)
F final score  R restart  Q quit. Numbers use Enter.
Action: Amount (0 cancels): Done.
Press Enter.
DRUG WARS: BLUEPORT - original fictional trading game
Imaginary contraband, prices and events. No real transactions.
Day 1/30  Blueport  Coat 0/100
Cash $1900  Bank $100  Debt $5500 (5% per travel day)
1 Moonleaf       price $ 228 LOW   owned 0
2 Fog dust       price $  64 LOW   owned 0
3 Dream drops    price $ 585       owned 0
4 Star resin     price $ 115 LOW   owned 0
Rumor: Dream drops runs cheapest in Tin Junction.
B buy  S sell  T travel  D deposit  W withdraw  P repay
C bigger coat (+30 room, $1500)
F final score  R restart  Q quit. Numbers use Enter.
Action: Amount (0 cancels): Done.
Press Enter.
DRUG WARS: BLUEPORT - original fictional trading game
Imaginary contraband, prices and events. No real transactions.
Day 1/30  Blueport  Coat 0/100
Cash $2000  Bank $0  Debt $5500 (5% per travel day)
1 Moonleaf       price $ 228 LOW   owned 0
2 Fog dust       price $  64 LOW   owned 0
3 Dream drops    price $ 585       owned 0
4 Star resin     price $ 115 LOW   owned 0
Rumor: Dream drops runs cheapest in Tin Junction.
B buy  S sell  T travel  D deposit  W withdraw  P repay
C bigger coat (+30 room, $1500)
F final score  R restart  Q quit. Numbers use Enter.
Action: Amount (0 cancels): Done.
Press Enter.
DRUG WARS: BLUEPORT - original fictional trading game
Imaginary contraband, prices and events. No real transactions.
Day 1/30  Blueport  Coat 0/100
Cash $1900  Bank $0  Debt $5400 (5% per travel day)
1 Moonleaf       price $ 228 LOW   owned 0
2 Fog dust       price $  64 LOW   owned 0
3 Dream drops    price $ 585       owned 0
4 Star resin     price $ 115 LOW   owned 0
Rumor: Dream drops runs cheapest in Tin Junction.
B buy  S sell  T travel  D deposit  W withdraw  P repay
C bigger coat (+30 room, $1500)
F final score  R restart  Q quit. Numbers use Enter.
Action: DRUG WARS: BLUEPORT - original fictional trading game
Imaginary contraband, prices and events. No real transactions.
Day 1/30  Blueport  Coat 0/100
Cash $2000  Bank $0  Debt $5500 (5% per travel day)
1 Moonleaf       price $ 421       owned 0
2 Fog dust       price $ 763 HIGH  owned 0
3 Dream drops    price $ 617       owned 0
4 Star resin     price $ 656       owned 0
Rumor: Dream drops runs cheapest in Tin Junction.
B buy  S sell  T travel  D deposit  W withdraw  P repay
C bigger coat (+30 room, $1500)
F final score  R restart  Q quit. Numbers use Enter.
Action: Final score $-3500 = cash + bank + market cargo - debt.
Rank: Drowned in Mr. Tin's ledger
Press Enter to start a fresh 30-day game.
DRUG WARS: BLUEPORT - original fictional trading game
Imaginary contraband, prices and events. No real transactions.
Day 1/30  Blueport  Coat 0/100
Cash $2000  Bank $0  Debt $5500 (5% per travel day)
1 Moonleaf       price $ 211 LOW   owned 0
2 Fog dust       price $ 612       owned 0
3 Dream drops    price $ 373       owned 0
4 Star resin     price $1000 HIGH  owned 0
Rumor: Fog dust runs cheapest in Lantern Bay.
B buy  S sell  T travel  D deposit  W withdraw  P repay
C bigger coat (+30 room, $1500)
F final score  R restart  Q quit. Numbers use Enter.
Action: 